radv	docker
---------------------------
USER         PID %CPU %MEM    VSZ   RSS TTY      STAT START   TIME COMMAND
root           1  0.0  0.1  32708 25216 pts/0    Ss+   2025  69:22 /usr/bin/python3 /usr/local/bin/supervisord
root          11  0.0  0.0   2480  1572 pts/0    S     2025   0:00 sh /usr/bin/supervisor-proc-exit-listener --container-name radv
root          24  0.0  0.0 220904  3896 pts/0    Sl    2025   5:15 /usr/sbin/rsyslogd -n -iNONE

stp	docker
---------------------------
USER         PID %CPU %MEM    VSZ   RSS TTY      STAT START   TIME COMMAND
root           1  0.0  0.1  32696 25088 pts/0    Ss+   2025  74:13 /usr/bin/python3 /usr/local/bin/supervisord
root           6  0.0  0.0   2480  1600 pts/0    S     2025   0:00 sh /usr/bin/supervisor-proc-exit-listener --container-name stp
root          30  0.0  0.0 220904  4692 pts/0    Sl    2025  27:16 /usr/sbin/rsyslogd -n
root          35  0.1  0.0 128548 10196 pts/0    Sl    2025 237:43 /usr/bin/stpd
root          38  0.0  0.0  83884  7392 pts/0    Sl    2025  50:34 /usr/bin/stpmgrd

vrrp	docker
---------------------------
USER         PID %CPU %MEM    VSZ   RSS TTY      STAT START   TIME COMMAND
root           1  0.0  0.1  32704 24912 pts/0    Ss+   2025  75:17 /usr/bin/python3 /usr/local/bin/supervisord
root           7  0.0  0.0   2480  1576 pts/0    S     2025   0:00 sh /usr/bin/supervisor-proc-exit-listener --container-name vrrp
root          40  0.0  0.0 220904  3888 pts/0    Sl    2025   4:30 /usr/sbin/rsyslogd -n
root          45  1.0  0.0 173608  7128 pts/0    Sl    2025 2317:59 /usr/bin/vrrpsyncd
root          49  0.0  0.0  83160  7008 pts/0    Sl    2025  36:11 /usr/bin/vrrpmgrd

iccpd	docker
---------------------------
USER         PID %CPU %MEM    VSZ   RSS TTY      STAT START   TIME COMMAND
root           1  0.0  0.1  32692 24944 pts/0    Ss+   2025  83:27 /usr/bin/python3 /usr/local/bin/supervisord
root           6  0.0  0.0   2480  1656 pts/0    S     2025   0:00 sh /usr/bin/supervisor-proc-exit-listener --container-name iccpd
root          46  2.0  0.0 220904  7328 pts/0    Sl    2025 4712:25 /usr/sbin/rsyslogd -n
root          51  3.4  0.0  23304  6136 pts/0    S     2025 8032:50 /usr/bin/iccpd
root          56  0.1  0.0  85212  6968 pts/0    Sl    2025 259:16 /usr/bin/mclagsyncd
root          61  0.0  0.0  82520  5152 pts/0    Sl    2025  17:20 /usr/bin/stpiccpsyncd

snmp	docker
---------------------------
USER         PID %CPU %MEM    VSZ   RSS TTY      STAT START   TIME COMMAND
root           1  0.0  0.1  33480 24808 pts/0    Ss+  14:33   0:02 /usr/bin/python3 /usr/local/bin/supervisord
root           8  0.0  0.0   2480  1540 pts/0    S    14:33   0:00 sh /usr/bin/supervisor-proc-exit-listener --container-name snmp
root          30  0.0  0.0 220904  5916 pts/0    Sl   14:33   0:02 /usr/sbin/rsyslogd -n -iNONE
root          44  0.0  0.1  32784 23920 pts/0    S    14:33   0:00 python3 /usr/bin/snmpconfd
Debian-+      46  0.3  0.0  25624 12612 pts/0    S    14:33   0:16 /usr/sbin/snmpd -f -LS4d -u Debian-snmp -g Debian-snmp -I -smux mteTrigger mteTriggerConf ifTable ifXTable inetCidrRouteTable ipCidrRouteTable inetNetToMediaTable ipAddressTable ip -p /run/snmpd.pid
root          48  9.1  0.4 298320 66600 pts/0    Sl   14:33   7:39 python3 -m sonic_ax_impl
root          50  0.0  0.1 254988 24588 pts/0    Sl   14:33   0:02 python3 /usr/bin/snmpstatsd
root          51  1.3  0.3 507004 47816 pts/0    Sl   14:33   1:08 python3 -m sonic_ax_impl

dhcp_relay	docker
---------------------------
USER         PID %CPU %MEM    VSZ   RSS TTY      STAT START   TIME COMMAND
root           1  0.0  0.1  32708 25068 pts/0    Ss+   2025  73:42 /usr/bin/python3 /usr/local/bin/supervisord
root          10  0.0  0.0   2480  1588 pts/0    S     2025   0:00 sh /usr/bin/supervisor-proc-exit-listener --container-name dhcp_relay
root          20  0.0  0.0 220904  3872 pts/0    Sl    2025   5:15 /usr/sbin/rsyslogd -n -iNONE
root          30  0.0  0.0  83064  6292 pts/0    Sl    2025  87:08 /usr/bin/dhcprelaymgrd

sflow	docker
---------------------------
USER         PID %CPU %MEM    VSZ   RSS TTY      STAT START   TIME COMMAND
root           1  0.0  0.1  32704 25180 pts/0    Ss+   2025  73:09 /usr/bin/python3 /usr/local/bin/supervisord
root           8  0.0  0.0   2480  1568 pts/0    S     2025   0:00 sh /usr/bin/supervisor-proc-exit-listener --container-name sflow
root           9  0.0  0.1 118212 30712 pts/0    Sl    2025  25:25 python3 /usr/bin/port_index_mapper.py
root          19  0.0  0.0 220904  3720 pts/0    Sl    2025   5:05 /usr/sbin/rsyslogd -n -iNONE
root          23  0.0  0.0  81732  4948 pts/0    Sl    2025  32:41 /usr/bin/sflowmgrd

lldp	docker
---------------------------
USER         PID %CPU %MEM    VSZ   RSS TTY      STAT START   TIME COMMAND
root           1  0.0  0.1  33116 25520 pts/0    Ss+   2025 137:50 /usr/bin/python3 /usr/local/bin/supervisord
root           9  0.0  0.0   2480  1612 pts/0    S     2025   0:00 sh /usr/bin/supervisor-proc-exit-listener --container-name lldp
root          37  0.0  0.0 220904  4868 pts/0    Sl    2025  52:17 /usr/sbin/rsyslogd -n -iNONE
_lldpd        59  0.0  0.0  35984  6820 pts/0    S     2025  10:30 lldpd: monitor. 
_lldpd        72  0.1  3.3 571164 537940 pts/0   S     2025 379:05 lldpd: 39 neighbors.
root          88  0.5  0.1 107740 26508 pts/0    Sl    2025 1320:43 python3 -m lldp_syncd
root         125  0.0  0.2  50396 36532 pts/0    S     2025 198:23 python3 /usr/bin/lldpmgrd
root         126  0.2  0.2  53552 39532 pts/0    S     2025 461:27 python3 /usr/bin/dcbxmgrd

l2mcd	docker
---------------------------
USER         PID %CPU %MEM    VSZ   RSS TTY      STAT START   TIME COMMAND
root           1  0.0  0.1  32700 24900 pts/0    Ss+   2025  74:51 /usr/bin/python3 /usr/local/bin/supervisord
root           6  0.0  0.0   2480  1580 pts/0    S     2025   0:00 sh /usr/bin/supervisor-proc-exit-listener --container-name l2mcd
root          30  0.0  0.0 220904  3776 pts/0    Sl    2025   5:18 /usr/sbin/rsyslogd -n
root          35  0.1  0.0 105712 10668 pts/0    Sl    2025 282:16 /usr/bin/l2mcd -n 1
root          50  0.0  0.0  83352  6996 pts/0    Sl    2025 115:31 /usr/bin/l2mcmgrd

timesync	docker
---------------------------
USER         PID %CPU %MEM    VSZ   RSS TTY      STAT START   TIME COMMAND
root           1  0.0  0.1  32708 24976 pts/0    Ss+   2025  70:06 /usr/bin/python3 /usr/local/bin/supervisord
root           7  0.0  0.0   2480  1548 pts/0    S     2025   0:00 sh /usr/bin/supervisor-proc-exit-listener --container-name timesync
root          17  0.0  0.0 220904  5888 pts/0    Sl    2025   4:17 /usr/sbin/rsyslogd -n -iNONE
root          21  0.0  0.0   7632  3528 pts/0    S     2025   0:00 /bin/bash /usr/bin/timesyncd-svc.sh
root          33  0.9  0.0 409520 13288 pts/0    Sl    2025 2167:23 /usr/bin/timesyncd

udld	docker
---------------------------
USER         PID %CPU %MEM    VSZ   RSS TTY      STAT START   TIME COMMAND
root           1  0.0  0.1  32696 24988 pts/0    Ss+   2025  75:56 /usr/bin/python3 /usr/local/bin/supervisord
root           7  0.0  0.0   2480  1656 pts/0    S     2025   0:00 sh /usr/bin/supervisor-proc-exit-listener --container-name udld
root          35  0.0  0.0 220904  4768 pts/0    Sl    2025  29:15 /usr/sbin/rsyslogd -n
root          40  0.1  0.0  24760  5424 pts/0    S     2025 415:24 /usr/bin/udldd
root          42  0.0  0.0  81560  4964 pts/0    Sl    2025  36:26 /usr/bin/udldmgrd

mfa	docker
---------------------------
USER         PID %CPU %MEM    VSZ   RSS TTY      STAT START   TIME COMMAND
root           1  0.0  0.1  32964 25248 pts/0    Ss+   2025  75:36 /usr/bin/python3 /usr/local/bin/supervisord
root           7  0.0  0.0   2480  1600 pts/0    S     2025   0:00 sh /usr/bin/supervisor-proc-exit-listener --container-name mfa
root           8  0.0  0.0   7656  3504 pts/0    S     2025   0:00 bash /usr/bin/start.sh
root           9  0.0  0.1  36968 26604 pts/0    S     2025   0:00 /usr/bin/python3 /usr/bin/mfacfgd
root         153  0.0  0.0 220904  5912 pts/0    Sl    2025   4:34 /usr/sbin/rsyslogd -n -iNONE
root         232  0.0  0.3 1412836 61324 pts/0   Sl    2025  35:46 /usr/local/bin/ciam-service-CCME -mode=start -config=/etc/sonic/mfa/config_enc.env

nat	docker
---------------------------
USER         PID %CPU %MEM    VSZ   RSS TTY      STAT START   TIME COMMAND
root           1  0.0  0.1  32964 25312 pts/0    Ss+   2025  80:01 /usr/bin/python3 /usr/local/bin/supervisord
root           8  0.0  0.0   2480  1604 pts/0    S     2025   0:00 sh /usr/bin/supervisor-proc-exit-listener --container-name nat
root          62  0.0  0.0  82064  5508 pts/0    Sl    2025  35:42 /usr/bin/natmgrd
root          64  0.0  0.0  81520  5164 pts/0    Sl    2025  16:37 /usr/bin/natsyncd
root         273  0.0  0.0 220904  3872 pts/0    Sl    2025   4:35 /usr/sbin/rsyslogd -n -iNONE

telemetry	docker
---------------------------
USER         PID %CPU %MEM    VSZ   RSS TTY      STAT START   TIME COMMAND
root           1  0.0  0.1  32964 25160 pts/0    Ss+   2025  70:33 /usr/bin/python3 /usr/local/bin/supervisord
root           8  0.0  0.0   2480  1568 pts/0    S     2025   0:00 sh /usr/bin/supervisor-proc-exit-action --name=telemetry sonic-db-cli APPL_DB hmset TELEMETRY:gnmi oper_status DOWN status_detail Server stopped
root          29  0.5  0.9 2160688 154944 pts/0  Sl    2025 1170:42 /usr/sbin/telemetry -followconfig -writestatus -logtosyslog
root          82  0.0  0.0 220904  3884 pts/0    Sl    2025   4:58 /usr/sbin/rsyslogd -n -iNONE

tam	docker
---------------------------
USER         PID %CPU %MEM    VSZ   RSS TTY      STAT START   TIME COMMAND
root           1  0.0  0.1  32696 25040 pts/0    Ss+   2025  87:36 /usr/bin/python3 /usr/local/bin/supervisord
root          14  0.0  0.0  86648  8840 pts/0    Sl    2025  17:34 /usr/bin/thresholdmgr
root          17  0.1  0.0  87864  9868 pts/0    Sl    2025 348:42 /usr/bin/snapshotmgr
root          20  0.0  0.0  81504  4684 pts/0    Sl    2025  17:44 /usr/bin/tammgrd
root          22  0.0  0.0  81500  5188 pts/0    Sl    2025  17:32 /usr/bin/dropmgrd
root          25  0.0  0.0  81480  4624 pts/0    Sl    2025  17:50 /usr/bin/tsmgrd
root          28  0.0  0.0  81496  5136 pts/0    Sl    2025  17:45 /usr/bin/ifamgrd
root          73  0.0  0.0 220904  5828 pts/0    Sl    2025   5:20 /usr/sbin/rsyslogd -n

teamd	docker
---------------------------
USER         PID %CPU %MEM    VSZ   RSS TTY      STAT START   TIME COMMAND
root           1  0.0  0.1  32708 25120 pts/0    Ss+   2025  87:27 /usr/bin/python3 /usr/local/bin/supervisord
root           7  0.0  0.0   2480  1608 pts/0    S     2025   0:00 sh /usr/bin/supervisor-proc-exit-listener --container-name teamd
root          84  0.2  0.0 178220 11924 pts/0    Sl    2025 618:02 /usr/bin/teamsyncd
root          89  0.0  0.0 156528  6612 pts/0    Sl    2025 111:28 /usr/bin/teammgrd
root          96  0.0  0.0  32136  3540 ?        S     2025 104:20 /usr/bin/teamd -r -t PortChannel1 -c {"device":"PortChannel1","hwaddr":"3c:2c:30:87:e1:86","mtu":"9100","admin_status":"up","runner":{"active":true,"name":"lacp","agg_select_policy":"lacp_prio_stable"}} -L /var/warmboot/teamd/ -g -d
root         103  0.0  0.0  32128  3604 ?        S     2025 103:05 /usr/bin/teamd -r -t PortChannel10 -c {"device":"PortChannel10","hwaddr":"3c:2c:30:87:e1:86","mtu":"9100","admin_status":"up","runner":{"active":true,"name":"lacp","agg_select_policy":"lacp_prio_stable"}} -L /var/warmboot/teamd/ -g -d
root         109  0.0  0.0  32136  3536 ?        S     2025 141:12 /usr/bin/teamd -r -t PortChannel100 -c {"device":"PortChannel100","hwaddr":"3c:2c:30:87:e1:86","mtu":"9100","admin_status":"up","runner":{"active":true,"name":"lacp","agg_select_policy":"lacp_prio_stable"}} -L /var/warmboot/teamd/ -g -d
root         115  0.0  0.0  32136  3512 ?        S     2025 105:17 /usr/bin/teamd -r -t PortChannel11 -c {"device":"PortChannel11","hwaddr":"3c:2c:30:87:e1:86","mtu":"9100","admin_status":"up","runner":{"active":true,"name":"lacp","agg_select_policy":"lacp_prio_stable"}} -L /var/warmboot/teamd/ -g -d
root         122  0.0  0.0  32132  3552 ?        S     2025 171:28 /usr/bin/teamd -r -t PortChannel12 -c {"device":"PortChannel12","hwaddr":"3c:2c:30:87:e1:86","mtu":"9100","admin_status":"up","runner":{"active":true,"name":"lacp","agg_select_policy":"lacp_prio_stable"}} -L /var/warmboot/teamd/ -g -d
root         128  0.0  0.0  32136  3512 ?        S     2025 103:47 /usr/bin/teamd -r -t PortChannel13 -c {"device":"PortChannel13","hwaddr":"3c:2c:30:87:e1:86","mtu":"9100","admin_status":"up","runner":{"active":true,"name":"lacp","agg_select_policy":"lacp_prio_stable"}} -L /var/warmboot/teamd/ -g -d
root         134  0.0  0.0  32136  3552 ?        S     2025 102:46 /usr/bin/teamd -r -t PortChannel14 -c {"device":"PortChannel14","hwaddr":"3c:2c:30:87:e1:86","mtu":"9100","admin_status":"up","runner":{"active":true,"name":"lacp","agg_select_policy":"lacp_prio_stable"}} -L /var/warmboot/teamd/ -g -d
root         140  0.0  0.0  32120  3528 ?        S     2025 103:26 /usr/bin/teamd -r -t PortChannel15 -c {"device":"PortChannel15","hwaddr":"3c:2c:30:87:e1:86","mtu":"9100","admin_status":"up","runner":{"active":true,"name":"lacp","agg_select_policy":"lacp_prio_stable"}} -L /var/warmboot/teamd/ -g -d
root         146  0.0  0.0  32136  3544 ?        S     2025 104:40 /usr/bin/teamd -r -t PortChannel16 -c {"device":"PortChannel16","hwaddr":"3c:2c:30:87:e1:86","mtu":"9100","admin_status":"up","runner":{"active":true,"name":"lacp","agg_select_policy":"lacp_prio_stable"}} -L /var/warmboot/teamd/ -g -d
root         152  0.0  0.0  32128  3524 ?        S     2025 120:41 /usr/bin/teamd -r -t PortChannel17 -c {"device":"PortChannel17","hwaddr":"3c:2c:30:87:e1:86","mtu":"9100","admin_status":"up","runner":{"active":true,"name":"lacp","agg_select_policy":"lacp_prio_stable"}} -L /var/warmboot/teamd/ -g -d
root         158  0.0  0.0  32120  3576 ?        S     2025 128:45 /usr/bin/teamd -r -t PortChannel18 -c {"device":"PortChannel18","hwaddr":"3c:2c:30:87:e1:86","mtu":"9100","admin_status":"up","runner":{"active":true,"name":"lacp","agg_select_policy":"lacp_prio_stable"}} -L /var/warmboot/teamd/ -g -d
root         164  0.0  0.0  32132  3544 ?        S     2025 121:45 /usr/bin/teamd -r -t PortChannel19 -c {"device":"PortChannel19","hwaddr":"3c:2c:30:87:e1:86","mtu":"9100","admin_status":"up","runner":{"active":true,"name":"lacp","agg_select_policy":"lacp_prio_stable"}} -L /var/warmboot/teamd/ -g -d
root         170  0.0  0.0  32140  3616 ?        S     2025 103:57 /usr/bin/teamd -r -t PortChannel2 -c {"device":"PortChannel2","hwaddr":"3c:2c:30:87:e1:86","mtu":"9100","admin_status":"up","runner":{"active":true,"name":"lacp","agg_select_policy":"lacp_prio_stable"}} -L /var/warmboot/teamd/ -g -d
root         176  0.0  0.0  32128  3600 ?        S     2025 128:00 /usr/bin/teamd -r -t PortChannel20 -c {"device":"PortChannel20","hwaddr":"3c:2c:30:87:e1:86","mtu":"9100","admin_status":"up","runner":{"active":true,"name":"lacp","agg_select_policy":"lacp_prio_stable"}} -L /var/warmboot/teamd/ -g -d
root         178  1.6  0.0 164220  8616 pts/0    Sl    2025 3776:54 /usr/bin/tlm_teamd
root         184  0.0  0.0  32128  3600 ?        S     2025 116:23 /usr/bin/teamd -r -t PortChannel21 -c {"device":"PortChannel21","hwaddr":"3c:2c:30:87:e1:86","mtu":"9100","admin_status":"up","runner":{"active":true,"name":"lacp","agg_select_policy":"lacp_prio_stable"}} -L /var/warmboot/teamd/ -g -d
root         190  0.0  0.0  32112  3668 ?        S     2025 115:18 /usr/bin/teamd -r -t PortChannel22 -c {"device":"PortChannel22","hwaddr":"3c:2c:30:87:e1:86","mtu":"9100","admin_status":"up","runner":{"active":true,"name":"lacp","agg_select_policy":"lacp_prio_stable"}} -L /var/warmboot/teamd/ -g -d
root         196  0.0  0.0  32120  3612 ?        S     2025 116:22 /usr/bin/teamd -r -t PortChannel23 -c {"device":"PortChannel23","hwaddr":"3c:2c:30:87:e1:86","mtu":"9100","admin_status":"up","runner":{"active":true,"name":"lacp","agg_select_policy":"lacp_prio_stable"}} -L /var/warmboot/teamd/ -g -d
root         202  0.0  0.0  32140  3668 ?        S     2025 117:13 /usr/bin/teamd -r -t PortChannel24 -c {"device":"PortChannel24","hwaddr":"3c:2c:30:87:e1:86","mtu":"9100","admin_status":"up","runner":{"active":true,"name":"lacp","agg_select_policy":"lacp_prio_stable"}} -L /var/warmboot/teamd/ -g -d
root         208  0.0  0.0  32120  3580 ?        S     2025 129:45 /usr/bin/teamd -r -t PortChannel25 -c {"device":"PortChannel25","hwaddr":"3c:2c:30:87:e1:86","mtu":"9100","admin_status":"up","runner":{"active":true,"name":"lacp","agg_select_policy":"lacp_prio_stable"}} -L /var/warmboot/teamd/ -g -d
root         238  0.0  0.0  32128  3664 ?        S     2025 126:28 /usr/bin/teamd -r -t PortChannel26 -c {"device":"PortChannel26","hwaddr":"3c:2c:30:87:e1:86","mtu":"9100","admin_status":"up","runner":{"active":true,"name":"lacp","agg_select_policy":"lacp_prio_stable"}} -L /var/warmboot/teamd/ -g -d
root         244  0.0  0.0  32112  3564 ?        S     2025 125:15 /usr/bin/teamd -r -t PortChannel27 -c {"device":"PortChannel27","hwaddr":"3c:2c:30:87:e1:86","mtu":"9100","admin_status":"up","runner":{"active":true,"name":"lacp","agg_select_policy":"lacp_prio_stable"}} -L /var/warmboot/teamd/ -g -d
root         250  0.0  0.0  32128  3608 ?        S     2025 124:34 /usr/bin/teamd -r -t PortChannel28 -c {"device":"PortChannel28","hwaddr":"3c:2c:30:87:e1:86","mtu":"9100","admin_status":"up","runner":{"active":true,"name":"lacp","agg_select_policy":"lacp_prio_stable"}} -L /var/warmboot/teamd/ -g -d
root         256  0.0  0.0  32128  3564 ?        S     2025 128:01 /usr/bin/teamd -r -t PortChannel29 -c {"device":"PortChannel29","hwaddr":"3c:2c:30:87:e1:86","mtu":"9100","admin_status":"up","runner":{"active":true,"name":"lacp","agg_select_policy":"lacp_prio_stable"}} -L /var/warmboot/teamd/ -g -d
root         262  0.0  0.0  32120  3660 ?        S     2025 103:07 /usr/bin/teamd -r -t PortChannel3 -c {"device":"PortChannel3","hwaddr":"3c:2c:30:87:e1:86","mtu":"9100","admin_status":"up","runner":{"active":true,"name":"lacp","agg_select_policy":"lacp_prio_stable"}} -L /var/warmboot/teamd/ -g -d
root         268  0.0  0.0  32136  3540 ?        S     2025 125:47 /usr/bin/teamd -r -t PortChannel30 -c {"device":"PortChannel30","hwaddr":"3c:2c:30:87:e1:86","mtu":"9100","admin_status":"up","runner":{"active":true,"name":"lacp","agg_select_policy":"lacp_prio_stable"}} -L /var/warmboot/teamd/ -g -d
root         274  0.0  0.0  32120  3624 ?        S     2025 116:29 /usr/bin/teamd -r -t PortChannel31 -c {"device":"PortChannel31","hwaddr":"3c:2c:30:87:e1:86","mtu":"9100","admin_status":"up","runner":{"active":true,"name":"lacp","agg_select_policy":"lacp_prio_stable"}} -L /var/warmboot/teamd/ -g -d
root         280  0.0  0.0  32144  3556 ?        S     2025 117:51 /usr/bin/teamd -r -t PortChannel32 -c {"device":"PortChannel32","hwaddr":"3c:2c:30:87:e1:86","mtu":"9100","admin_status":"up","runner":{"active":true,"name":"lacp","agg_select_policy":"lacp_prio_stable"}} -L /var/warmboot/teamd/ -g -d
root         286  0.0  0.0  32136  3616 ?        S     2025 115:28 /usr/bin/teamd -r -t PortChannel33 -c {"device":"PortChannel33","hwaddr":"3c:2c:30:87:e1:86","mtu":"9100","admin_status":"up","runner":{"active":true,"name":"lacp","agg_select_policy":"lacp_prio_stable"}} -L /var/warmboot/teamd/ -g -d
root         299  0.0  0.0  32140  3552 ?        S     2025 129:36 /usr/bin/teamd -r -t PortChannel34 -c {"device":"PortChannel34","hwaddr":"3c:2c:30:87:e1:86","mtu":"9100","admin_status":"up","runner":{"active":true,"name":"lacp","agg_select_policy":"lacp_prio_stable"}} -L /var/warmboot/teamd/ -g -d
root         317  0.0  0.0  32128  3564 ?        S     2025 130:39 /usr/bin/teamd -r -t PortChannel35 -c {"device":"PortChannel35","hwaddr":"3c:2c:30:87:e1:86","mtu":"9100","admin_status":"up","runner":{"active":true,"name":"lacp","agg_select_policy":"lacp_prio_stable"}} -L /var/warmboot/teamd/ -g -d
root         323  0.0  0.0  32140  3544 ?        S     2025 129:01 /usr/bin/teamd -r -t PortChannel36 -c {"device":"PortChannel36","hwaddr":"3c:2c:30:87:e1:86","mtu":"9100","admin_status":"up","runner":{"active":true,"name":"lacp","agg_select_policy":"lacp_prio_stable"}} -L /var/warmboot/teamd/ -g -d
root         329  0.0  0.0  32140  3560 ?        S     2025 127:03 /usr/bin/teamd -r -t PortChannel37 -c {"device":"PortChannel37","hwaddr":"3c:2c:30:87:e1:86","mtu":"9100","admin_status":"up","runner":{"active":true,"name":"lacp","agg_select_policy":"lacp_prio_stable"}} -L /var/warmboot/teamd/ -g -d
root         335  0.0  0.0  32132  3556 ?        S     2025 127:50 /usr/bin/teamd -r -t PortChannel38 -c {"device":"PortChannel38","hwaddr":"3c:2c:30:87:e1:86","mtu":"9100","admin_status":"up","runner":{"active":true,"name":"lacp","agg_select_policy":"lacp_prio_stable"}} -L /var/warmboot/teamd/ -g -d
root         341  0.0  0.0  32132  3604 ?        S     2025 131:30 /usr/bin/teamd -r -t PortChannel39 -c {"device":"PortChannel39","hwaddr":"3c:2c:30:87:e1:86","mtu":"9100","admin_status":"up","runner":{"active":true,"name":"lacp","agg_select_policy":"lacp_prio_stable"}} -L /var/warmboot/teamd/ -g -d
root         347  0.0  0.0  32132  3552 ?        S     2025 105:20 /usr/bin/teamd -r -t PortChannel4 -c {"device":"PortChannel4","hwaddr":"3c:2c:30:87:e1:86","mtu":"9100","admin_status":"up","runner":{"active":true,"name":"lacp","agg_select_policy":"lacp_prio_stable"}} -L /var/warmboot/teamd/ -g -d
root         353  0.0  0.0  32120  3604 ?        S     2025 132:47 /usr/bin/teamd -r -t PortChannel40 -c {"device":"PortChannel40","hwaddr":"3c:2c:30:87:e1:86","mtu":"9100","admin_status":"up","runner":{"active":true,"name":"lacp","agg_select_policy":"lacp_prio_stable"}} -L /var/warmboot/teamd/ -g -d
root         359  0.0  0.0  32120  3552 ?        S     2025 107:10 /usr/bin/teamd -r -t PortChannel41 -c {"device":"PortChannel41","hwaddr":"3c:2c:30:87:e1:86","mtu":"9100","admin_status":"up","runner":{"active":true,"name":"lacp","agg_select_policy":"lacp_prio_stable"}} -L /var/warmboot/teamd/ -g -d
root         365  0.0  0.0  32132  3496 ?        S     2025 144:01 /usr/bin/teamd -r -t PortChannel42 -c {"device":"PortChannel42","hwaddr":"3c:2c:30:87:e1:86","mtu":"9100","admin_status":"up","runner":{"active":true,"name":"lacp","agg_select_policy":"lacp_prio_stable"}} -L /var/warmboot/teamd/ -g -d
root         371  0.0  0.0  32112  3480 ?        S     2025 108:22 /usr/bin/teamd -r -t PortChannel43 -c {"device":"PortChannel43","hwaddr":"3c:2c:30:87:e1:86","mtu":"9100","admin_status":"up","runner":{"active":true,"name":"lacp","agg_select_policy":"lacp_prio_stable"}} -L /var/warmboot/teamd/ -g -d
root         377  0.0  0.0  32136  3548 ?        S     2025 145:28 /usr/bin/teamd -r -t PortChannel44 -c {"device":"PortChannel44","hwaddr":"3c:2c:30:87:e1:86","mtu":"9100","admin_status":"up","runner":{"active":true,"name":"lacp","agg_select_policy":"lacp_prio_stable"}} -L /var/warmboot/teamd/ -g -d
root         383  0.0  0.0  32128  3576 ?        S     2025 105:44 /usr/bin/teamd -r -t PortChannel45 -c {"device":"PortChannel45","hwaddr":"3c:2c:30:87:e1:86","mtu":"9100","admin_status":"up","runner":{"active":true,"name":"lacp","agg_select_policy":"lacp_prio_stable"}} -L /var/warmboot/teamd/ -g -d
root         389  0.0  0.0  32144  3532 ?        S     2025 147:23 /usr/bin/teamd -r -t PortChannel46 -c {"device":"PortChannel46","hwaddr":"3c:2c:30:87:e1:86","mtu":"9100","admin_status":"up","runner":{"active":true,"name":"lacp","agg_select_policy":"lacp_prio_stable"}} -L /var/warmboot/teamd/ -g -d
root         395  0.0  0.0  32128  3556 ?        S     2025 106:31 /usr/bin/teamd -r -t PortChannel47 -c {"device":"PortChannel47","hwaddr":"3c:2c:30:87:e1:86","mtu":"9100","admin_status":"up","runner":{"active":true,"name":"lacp","agg_select_policy":"lacp_prio_stable"}} -L /var/warmboot/teamd/ -g -d
root         401  0.0  0.0  32144  3300 ?        S     2025 148:18 /usr/bin/teamd -r -t PortChannel48 -c {"device":"PortChannel48","hwaddr":"3c:2c:30:87:e1:86","mtu":"9100","admin_status":"up","runner":{"active":true,"name":"lacp","agg_select_policy":"lacp_prio_stable"}} -L /var/warmboot/teamd/ -g -d
root         407  0.0  0.0  32132  3572 ?        S     2025 107:17 /usr/bin/teamd -r -t PortChannel5 -c {"device":"PortChannel5","hwaddr":"3c:2c:30:87:e1:86","mtu":"9100","admin_status":"up","runner":{"active":true,"name":"lacp","agg_select_policy":"lacp_prio_stable"}} -L /var/warmboot/teamd/ -g -d
root         413  0.0  0.0  32132  3524 ?        S     2025 113:54 /usr/bin/teamd -r -t PortChannel6 -c {"device":"PortChannel6","hwaddr":"3c:2c:30:87:e1:86","mtu":"9100","admin_status":"up","runner":{"active":true,"name":"lacp","agg_select_policy":"lacp_prio_stable"}} -L /var/warmboot/teamd/ -g -d
root         419  0.0  0.0  32116  3692 ?        S     2025 110:00 /usr/bin/teamd -r -t PortChannel7 -c {"device":"PortChannel7","hwaddr":"3c:2c:30:87:e1:86","mtu":"9100","admin_status":"up","runner":{"active":true,"name":"lacp","agg_select_policy":"lacp_prio_stable"}} -L /var/warmboot/teamd/ -g -d
root         425  0.0  0.0  32124  3524 ?        S     2025 117:55 /usr/bin/teamd -r -t PortChannel8 -c {"device":"PortChannel8","hwaddr":"3c:2c:30:87:e1:86","mtu":"9100","admin_status":"up","runner":{"active":true,"name":"lacp","agg_select_policy":"lacp_prio_stable"}} -L /var/warmboot/teamd/ -g -d
root         431  0.0  0.0  32124  3516 ?        S     2025 128:14 /usr/bin/teamd -r -t PortChannel9 -c {"device":"PortChannel9","hwaddr":"3c:2c:30:87:e1:86","mtu":"9100","admin_status":"up","runner":{"active":true,"name":"lacp","agg_select_policy":"lacp_prio_stable"}} -L /var/warmboot/teamd/ -g -d
root         652  0.2  0.0 220904  5168 pts/0    Sl    2025 476:35 /usr/sbin/rsyslogd -n -iNONE

syncd	docker
---------------------------
USER         PID %CPU %MEM    VSZ   RSS TTY      STAT START   TIME COMMAND
root           1  0.0  0.1  32964 25268 pts/0    Ss+   2025  73:05 /usr/bin/python3 /usr/local/bin/supervisord
root          13  0.0  0.0   2480  1592 pts/0    S     2025   0:00 sh /usr/bin/supervisor-proc-exit-listener --container-name syncd
root          69  0.0  0.0  22168  1540 pts/0    Sl    2025   0:02 /usr/bin/dsserve /usr/bin/syncd --diag -u -l -p /tmp/sai.profile
root         723 26.1  4.7 3093816 750576 pts/0  Sl    2025 60277:27 /usr/bin/syncd --diag -u -l -p /tmp/sai.profile
root        1000  0.9  0.0 220904  7152 pts/0    Sl    2025 2219:44 /usr/sbin/rsyslogd -n -iNONE

pmon	docker
---------------------------
USER         PID %CPU %MEM    VSZ   RSS TTY      STAT START   TIME COMMAND
root           1  0.0  0.1  33116 25312 pts/0    Ss+   2025  97:50 /usr/bin/python3 /usr/local/bin/supervisord
root          22  0.0  0.0   2480  1624 pts/0    S     2025   0:00 sh /usr/bin/supervisor-proc-exit-listener --container-name pmon
root          72  0.0  0.2  50748 36532 pts/0    S     2025  26:18 locatorledd
root          73  0.0  0.2  54136 39936 pts/0    S     2025  25:38 xcvrd
root          74  1.3  0.2  52428 38300 pts/0    S     2025 3043:09 python3 /usr/local/bin/psud
root          77  0.5  0.2 126392 38596 pts/0    Sl    2025 1361:13 python3 /usr/local/bin/thermalctld
root          79  0.0  0.2  45876 32020 pts/0    S     2025  34:00 python3 /usr/local/bin/pcied
root          80  0.0  0.0  13996   872 ?        S     2025   0:00 /usr/sbin/ipmievd open
root          82  0.0  0.0   2480  1560 pts/0    S     2025  61:33 sh /usr/bin/monitpmon.sh
root          85  0.0  0.2  47516 33396 pts/0    S     2025   2:22 python3 /usr/local/bin/ssdhealthd
root         133  0.0  0.1 499188 29248 pts/0    Sl    2025  97:51 python3 /usr/local/bin/xcvrd
root         226  0.0  0.2 493980 32028 pts/0    Sl    2025 118:57 python3 /usr/local/bin/xcvrd
root         239  0.2  0.1 501920 31636 pts/0    Sl    2025 466:51 python3 /usr/local/bin/xcvrd
root         467  0.3  0.2 201392 33412 pts/0    Sl    2025 764:19 xcvrd_config
root         541  0.0  0.0 220904  3892 pts/0    Sl    2025   4:11 /usr/sbin/rsyslogd -n -iNONE
root         979  0.0  0.2  54076 33396 pts/0    S     2025 112:29 xcvrd_phy
root         987  0.0  0.2  54172 33268 pts/0    S     2025 179:21 xcvrd_cmisc
root         992  0.6  0.2  57444 36988 pts/0    S     2025 1431:15 xcvrd_dominfo
root         998  0.4  0.2  57472 36952 pts/0    S     2025 1101:52 xcvrd_sfpstate
root         999  0.0  0.2  54136 32744 pts/0    S     2025  58:35 xcvrd_appdb
root        1032  0.0  0.2  54088 32320 pts/0    SN    2025  15:41 xcvrd_cmisw
root        1038  0.0  0.2  54100 32320 pts/0    SN    2025  15:31 xcvrd_cmisw
root        1055  0.0  0.2  54112 32320 pts/0    SN    2025  15:37 xcvrd_cmisw
root        1062  0.0  0.2  54124 32320 pts/0    SN    2025  15:35 xcvrd_cmisw
root        1075  0.0  0.2  54136 32368 pts/0    SN    2025  15:42 xcvrd_cmisw
root        1090  0.0  0.2  54148 32308 pts/0    SN    2025  15:40 xcvrd_cmisw
root        1109  0.0  0.2  54160 32320 pts/0    SN    2025  15:43 xcvrd_cmisw
root        1119  0.0  0.2  54172 32320 pts/0    SN    2025  15:39 xcvrd_cmisw
root     1739755  0.0  0.0   5992   568 pts/0    S    15:57   0:00 sleep 5
root     1739803  0.0  0.0  10384  3336 ?        Rs   15:57   0:00 ps aux

mgmt-framework	docker
---------------------------
USER         PID %CPU %MEM    VSZ   RSS TTY      STAT START   TIME COMMAND
root           1  0.0  0.1  32968 25240 pts/0    Ss+   2025  69:51 /usr/bin/python3 /usr/local/bin/supervisord
root           8  0.0  0.0   2480  1556 pts/0    S     2025   0:00 sh /usr/bin/supervisor-proc-exit-action --name=rest-server sonic-db-cli APPL_DB hmset REST_SERVER:default oper_status DOWN status_detail Server stopped
root          22  0.1  0.9 2437332 152196 pts/0  Sl    2025 250:00 /usr/sbin/rest_server -ui /rest_ui -logtosyslog -followconfig -writestatus
root          79  0.0  0.0 221236  5980 pts/0    Sl    2025  13:00 /usr/sbin/rsyslogd -n -iNONE
aravind+  118556  0.0  0.0  14908  6136 pts/1    Ss+  15:46   0:00 /bin/bash /usr/sbin/cli/clish_start HOST_PID=2057348 -t 605
aravind+  118563  9.2  0.6 229152 98964 pts/1    Sl+  15:46   1:00 /usr/sbin/cli/clish -o -t 605

swss	docker
---------------------------
USER         PID %CPU %MEM    VSZ   RSS TTY      STAT START   TIME COMMAND
root           1  0.0  0.1  33096 25600 pts/0    Ss+   2025 149:07 /usr/bin/python3 /usr/local/bin/supervisord
root          22  0.0  0.0   2480  1660 pts/0    S     2025   0:00 sh /usr/bin/supervisor-proc-exit-listener --container-name swss
root         170  0.9  0.0  98424  5776 pts/0    Sl    2025 2199:37 /usr/bin/portsyncd
root         224  0.0  0.0   7524  3456 pts/0    S     2025   0:00 bash /usr/bin/orchagent.sh
root         307  2.4  0.6 416232 107380 pts/0   Sl    2025 5569:16 /usr/bin/orchagent -d /var/log/swss -b 8192 -m 3c:2c:30:87:e1:86
root         312  0.4  0.0   7524  3432 pts/0    S     2025 979:51 bash /usr/bin/swssconfig.sh
root         344  0.0  0.0  81944  5480 pts/0    Sl    2025  30:16 /usr/bin/coppmgrd
root         345  0.6  0.0 250208 10396 pts/0    Sl    2025 1473:51 /usr/bin/neighsyncd
root         347  0.0  0.0 232712  9036 pts/0    Sl    2025  58:23 /usr/bin/vlanmgrd
root         349  0.0  0.0 156528  8552 pts/0    Sl    2025 104:39 /usr/bin/intfmgrd
root         352  0.0  0.0 155732  5580 pts/0    Sl    2025  43:57 /usr/bin/portmgrd
root         357  0.0  0.0 155428  5128 pts/0    Sl    2025  43:39 /usr/bin/loopbackmgrd
root         365  0.0  0.0  81604  4948 pts/0    Sl    2025  30:59 /usr/bin/switchmgrd
root         367  0.0  0.0  81840  5476 pts/0    Sl    2025  31:19 /usr/bin/buffermgrd -l /usr/share/sonic/hwsku/pg_profile_lookup.ini
root         371  0.0  0.0 155700  7760 pts/0    Sl    2025  47:06 /usr/bin/vrfmgrd
root         374  0.0  0.0  81568  4904 pts/0    Sl    2025  30:22 /usr/bin/arsmgrd
root         377  2.6  0.0 163056 13048 pts/0    Sl    2025 6018:22 /usr/bin/nbrmgrd
root         379  0.0  0.0  81684  4900 pts/0    Sl    2025  31:41 /usr/bin/evpnmhmgrd
root         384  0.0  0.0 155968  5588 pts/0    Sl    2025  45:14 /usr/bin/vxlanmgrd
root         391  0.2  0.0 248156  9212 pts/0    Sl    2025 527:59 /usr/bin/fdbsyncd
root         394  0.0  0.0  81544  4836 pts/0    Sl    2025  29:57 /usr/bin/tunnelmgrd
root         400  0.0  0.0  84672  8120 pts/0    Sl    2025  85:39 /usr/bin/aclsvcd
root         415  0.0  0.0 155928  5808 pts/0    Sl    2025  58:44 /usr/bin/iphelpermgrd
root        1538  1.5  0.0 220904  6676 pts/0    Sl    2025 3684:42 /usr/sbin/rsyslogd -n -iNONE
root       81606  0.0  0.0  10384  3376 ?        Rs   15:57   0:00 ps aux

bgp	docker
---------------------------
USER         PID %CPU %MEM    VSZ   RSS TTY      STAT START   TIME COMMAND
root           1  0.0  0.1  33136 25544 pts/0    Ss+   2025 115:20 /usr/bin/python3 /usr/local/bin/supervisord
root          31  0.0  0.0   2480  1656 pts/0    S     2025   0:00 sh /usr/bin/supervisor-proc-exit-listener --container-name bgp
frr          333  0.8  0.3 952000 58952 pts/0    Sl    2025 1918:11 /usr/lib/frr/zebra -A 127.0.0.1 -s 90000000 -K 5 -r -M fpm -M snmp --v6-rr-semantics --fpm-nhg
frr          353  0.0  0.0  16972 11068 pts/0    S     2025  22:14 /usr/lib/frr/staticd -A 127.0.0.1
frr          354  1.5  0.1 203936 24376 pts/0    Sl    2025 3574:46 /usr/lib/frr/bfdd -A 127.0.0.1
frr          355  0.3  1.9 488768 313260 pts/0   Sl    2025 873:39 /usr/lib/frr/bgpd -A 127.0.0.1 -M snmp
frr          359  0.0  0.0  16520 10428 pts/0    S     2025  12:11 /usr/lib/frr/iptrackd -A 127.0.0.1
frr          362  0.0  0.1  29528 17776 pts/0    S     2025  14:36 /usr/lib/frr/ospf6d -A 127.0.0.1 -M snmp
frr          363  0.0  0.1  35304 20312 pts/0    S     2025  20:14 /usr/lib/frr/ospfd -A 127.0.0.1 -M snmp
frr          370  0.0  0.0  20732 14820 pts/0    S     2025  49:13 /usr/lib/frr/pimd -A 127.0.0.1
root         493  0.7  0.3 181304 50524 pts/0    Sl    2025 1615:53 /usr/bin/python3 /usr/local/bin/frrcfgd
root         622  0.0  0.0 682332 10136 pts/0    Sl    2025  72:54 fpmsyncd
root         623  0.0  0.0 161028  7112 pts/0    Sl    2025  37:07 ipmcfpmsyncd
root         802  0.2  0.0 229120  7108 pts/0    Sl    2025 646:47 /usr/sbin/rsyslogd -n -iNONE
root         814  0.0  0.0  81972  5612 pts/0    Sl    2025  42:48 /usr/bin/rsyslog_plugin -r /etc/rsyslog.d/bgp_regex.json

eventd	docker
---------------------------
USER         PID %CPU %MEM    VSZ   RSS TTY      STAT START   TIME COMMAND
root           1  0.0  0.1  32712 25200 pts/0    Ss+   2025  69:58 /usr/bin/python3 /usr/local/bin/supervisord
root          11  0.0  0.0   2480  1600 pts/0    S     2025   0:00 sh /usr/bin/supervisor-proc-exit-listener --container-name eventd
root          25  0.0  0.1  29920 26932 pts/0    S     2025  39:16 /usr/bin/eventd
root          84  0.0  0.0 220904  6660 pts/0    Sl    2025  20:09 /usr/sbin/rsyslogd -n -iNONE

database	docker
---------------------------
USER         PID %CPU %MEM    VSZ   RSS TTY      STAT START   TIME COMMAND
root           1  0.0  0.1  32708 24888 pts/0    Ss+   2025  90:58 /usr/bin/python3 /usr/local/bin/supervisord
root          61  0.0  0.0   2480  1688 pts/0    S     2025   0:00 sh /usr/bin/supervisor-proc-exit-listener --container-name database
root          63  1.4  0.2 775540 37468 pts/0    Sl    2025 3381:23 /usr/bin/redis-server 127.0.0.1:6379
root          64 21.1 15.2 3482636 2415508 pts/0 Rl    2025 48862:00 /usr/bin/redis-server 127.0.0.1:63792
root          66  3.5  0.1  78740 27428 pts/0    Sl    2025 8122:55 /usr/bin/redis-server 127.0.0.1:63793
root          67  0.6  0.1  76512 22500 pts/0    Sl    2025 1430:16 /usr/bin/redis-server 127.0.0.1:63794
root          68  3.4  0.1  73692 18940 pts/0    Sl    2025 7944:08 /usr/bin/redis-server 127.0.0.1:63796
root          74  0.1  0.0  59780 13452 pts/0    Sl    2025 375:58 /usr/bin/redis-server 127.0.0.1:63970
root         237  0.0  0.0 220904  4680 pts/0    Sl    2025   5:42 /usr/sbin/rsyslogd -n -iNONE

