d chg ing_vp_vlan_membership
ING_VP_VLAN_MEMBERSHIP.ipipe0[228]: <VP=1,VLAN=0x44d,VFI=0x44d,TABLE_FIELDS=0x040000444d,SP_TREE=1,SGLP=1,KEY_TYPE=2,KEY=0x0000011136,HASH_LSB=0x44d,DATA=1,BASE_VALID=1>
ING_VP_VLAN_MEMBERSHIP.ipipe0[340]: <VP=0x1f,VLAN=0x322,VFI=0x322,TABLE_FIELDS=0x0c0007c322,SP_TREE=3,SGLP=0x1f,KEY_TYPE=2,KEY=0x00001f0c8a,HASH_LSB=0x322,DATA=3,BASE_VALID=1>
ING_VP_VLAN_MEMBERSHIP.ipipe0[564]: <VP=0xb,VLAN=0x44d,VFI=0x44d,TABLE_FIELDS=0x0c0002c44d,SP_TREE=3,SGLP=0xb,KEY_TYPE=2,KEY=0x00000b1136,HASH_LSB=0x44d,DATA=3,BASE_VALID=1>
ING_VP_VLAN_MEMBERSHIP.ipipe0[672]: <VP=0xa,VLAN=0x44d,VFI=0x44d,TABLE_FIELDS=0x0c0002844d,SP_TREE=3,SGLP=0xa,KEY_TYPE=2,KEY=0x00000a1136,HASH_LSB=0x44d,DATA=3,BASE_VALID=1>
ING_VP_VLAN_MEMBERSHIP.ipipe0[744]: <VP=0x11,VLAN=0x44e,VFI=0x44e,TABLE_FIELDS=0x0c0004444e,SP_TREE=3,SGLP=0x11,KEY_TYPE=2,KEY=0x000011113a,HASH_LSB=0x44e,DATA=3,BASE_VALID=1>
ING_VP_VLAN_MEMBERSHIP.ipipe0[868]: <VP=0x10,VLAN=0x44e,VFI=0x44e,TABLE_FIELDS=0x0c0004044e,SP_TREE=3,SGLP=0x10,KEY_TYPE=2,KEY=0x000010113a,HASH_LSB=0x44e,DATA=3,BASE_VALID=1>
ING_VP_VLAN_MEMBERSHIP.ipipe0[932]: <VP=0x1c,VLAN=0x2a6,VFI=0x2a6,TABLE_FIELDS=0x0c000702a6,SP_TREE=3,SGLP=0x1c,KEY_TYPE=2,KEY=0x00001c0a9a,HASH_LSB=0x2a6,DATA=3,BASE_VALID=1>
ING_VP_VLAN_MEMBERSHIP.ipipe0[1476]: <VP=0x15,VLAN=0x2a5,VFI=0x2a5,TABLE_FIELDS=0x0c000542a5,SP_TREE=3,SGLP=0x15,KEY_TYPE=2,KEY=0x0000150a96,HASH_LSB=0x2a5,DATA=3,BASE_VALID=1>
ING_VP_VLAN_MEMBERSHIP.ipipe0[1580]: <VP=0xd,VLAN=0x44e,VFI=0x44e,TABLE_FIELDS=0x0c0003444e,SP_TREE=3,SGLP=0xd,KEY_TYPE=2,KEY=0x00000d113a,HASH_LSB=0x44e,DATA=3,BASE_VALID=1>
ING_VP_VLAN_MEMBERSHIP.ipipe0[1676]: <VP=0x18,VLAN=0x2a5,VFI=0x2a5,TABLE_FIELDS=0x0c000602a5,SP_TREE=3,SGLP=0x18,KEY_TYPE=2,KEY=0x0000180a96,HASH_LSB=0x2a5,DATA=3,BASE_VALID=1>
ING_VP_VLAN_MEMBERSHIP.ipipe0[1836]: <VP=0x21,VLAN=0x323,VFI=0x323,TABLE_FIELDS=0x0c00084323,SP_TREE=3,SGLP=0x21,KEY_TYPE=2,KEY=0x0000210c8e,HASH_LSB=0x323,DATA=3,BASE_VALID=1>
ING_VP_VLAN_MEMBERSHIP.ipipe0[1904]: <VP=3,VLAN=0x460,VFI=0x460,TABLE_FIELDS=0x040000c460,SP_TREE=1,SGLP=3,KEY_TYPE=2,KEY=0x0000031182,HASH_LSB=0x460,DATA=1,BASE_VALID=1>
ING_VP_VLAN_MEMBERSHIP.ipipe0[1912]: <VP=0x12,VLAN=0x460,VFI=0x460,TABLE_FIELDS=0x0c00048460,SP_TREE=3,SGLP=0x12,KEY_TYPE=2,KEY=0x0000121182,HASH_LSB=0x460,DATA=3,BASE_VALID=1>
ING_VP_VLAN_MEMBERSHIP.ipipe0[2168]: <VP=0x22,VLAN=0x323,VFI=0x323,TABLE_FIELDS=0x0c00088323,SP_TREE=3,SGLP=0x22,KEY_TYPE=2,KEY=0x0000220c8e,HASH_LSB=0x323,DATA=3,BASE_VALID=1>
ING_VP_VLAN_MEMBERSHIP.ipipe0[2188]: <VP=0xf,VLAN=0x44e,VFI=0x44e,TABLE_FIELDS=0x0c0003c44e,SP_TREE=3,SGLP=0xf,KEY_TYPE=2,KEY=0x00000f113a,HASH_LSB=0x44e,DATA=3,BASE_VALID=1>
ING_VP_VLAN_MEMBERSHIP.ipipe0[2628]: <VP=4,VLAN=0x7d0,VFI=0x7d0,TABLE_FIELDS=0x04000107d0,SP_TREE=1,SGLP=4,KEY_TYPE=2,KEY=0x0000041f42,HASH_LSB=0x7d0,DATA=1,BASE_VALID=1>
ING_VP_VLAN_MEMBERSHIP.ipipe0[2824]: <VP=0x19,VLAN=0x2a5,VFI=0x2a5,TABLE_FIELDS=0x0c000642a5,SP_TREE=3,SGLP=0x19,KEY_TYPE=2,KEY=0x0000190a96,HASH_LSB=0x2a5,DATA=3,BASE_VALID=1>
ING_VP_VLAN_MEMBERSHIP.ipipe0[3900]: <VP=2,VLAN=0x44e,VFI=0x44e,TABLE_FIELDS=0x040000844e,SP_TREE=1,SGLP=2,KEY_TYPE=2,KEY=0x000002113a,HASH_LSB=0x44e,DATA=1,BASE_VALID=1>
ING_VP_VLAN_MEMBERSHIP.ipipe0[4020]: <VP=0x1b,VLAN=0x2a6,VFI=0x2a6,TABLE_FIELDS=0x0c0006c2a6,SP_TREE=3,SGLP=0x1b,KEY_TYPE=2,KEY=0x00001b0a9a,HASH_LSB=0x2a6,DATA=3,BASE_VALID=1>
ING_VP_VLAN_MEMBERSHIP.ipipe0[4064]: <VP=0x1a,VLAN=0x2a5,VFI=0x2a5,TABLE_FIELDS=0x0c000682a5,SP_TREE=3,SGLP=0x1a,KEY_TYPE=2,KEY=0x00001a0a96,HASH_LSB=0x2a5,DATA=3,BASE_VALID=1>
ING_VP_VLAN_MEMBERSHIP.ipipe0[4608]: <VP=0x24,VLAN=0x329,VFI=0x329,TABLE_FIELDS=0x0c00090329,SP_TREE=3,SGLP=0x24,KEY_TYPE=2,KEY=0x0000240ca6,HASH_LSB=0x329,DATA=3,BASE_VALID=1>
ING_VP_VLAN_MEMBERSHIP.ipipe0[4840]: <VP=6,VLAN=0x2a6,VFI=0x2a6,TABLE_FIELDS=0x04000182a6,SP_TREE=1,SGLP=6,KEY_TYPE=2,KEY=0x0000060a9a,HASH_LSB=0x2a6,DATA=1,BASE_VALID=1>
ING_VP_VLAN_MEMBERSHIP.ipipe0[5304]: <VP=8,VLAN=0x323,VFI=0x323,TABLE_FIELDS=0x0400020323,SP_TREE=1,SGLP=8,KEY_TYPE=2,KEY=0x0000080c8e,HASH_LSB=0x323,DATA=1,BASE_VALID=1>
ING_VP_VLAN_MEMBERSHIP.ipipe0[5336]: <VP=0xc,VLAN=0x44d,VFI=0x44d,TABLE_FIELDS=0x0c0003044d,SP_TREE=3,SGLP=0xc,KEY_TYPE=2,KEY=0x00000c1136,HASH_LSB=0x44d,DATA=3,BASE_VALID=1>
ING_VP_VLAN_MEMBERSHIP.ipipe0[5492]: <VP=0x23,VLAN=0x329,VFI=0x329,TABLE_FIELDS=0x0c0008c329,SP_TREE=3,SGLP=0x23,KEY_TYPE=2,KEY=0x0000230ca6,HASH_LSB=0x329,DATA=3,BASE_VALID=1>
ING_VP_VLAN_MEMBERSHIP.ipipe0[6132]: <VP=0x1d,VLAN=0x2a6,VFI=0x2a6,TABLE_FIELDS=0x0c000742a6,SP_TREE=3,SGLP=0x1d,KEY_TYPE=2,KEY=0x00001d0a9a,HASH_LSB=0x2a6,DATA=3,BASE_VALID=1>
ING_VP_VLAN_MEMBERSHIP.ipipe0[6548]: <VP=0x13,VLAN=0x460,VFI=0x460,TABLE_FIELDS=0x0c0004c460,SP_TREE=3,SGLP=0x13,KEY_TYPE=2,KEY=0x0000131182,HASH_LSB=0x460,DATA=3,BASE_VALID=1>
ING_VP_VLAN_MEMBERSHIP.ipipe0[6816]: <VP=0x1e,VLAN=0x2a6,VFI=0x2a6,TABLE_FIELDS=0x0c000782a6,SP_TREE=3,SGLP=0x1e,KEY_TYPE=2,KEY=0x00001e0a9a,HASH_LSB=0x2a6,DATA=3,BASE_VALID=1>
ING_VP_VLAN_MEMBERSHIP.ipipe0[6844]: <VP=0x20,VLAN=0x322,VFI=0x322,TABLE_FIELDS=0x0c00080322,SP_TREE=3,SGLP=0x20,KEY_TYPE=2,KEY=0x0000200c8a,HASH_LSB=0x322,DATA=3,BASE_VALID=1>
ING_VP_VLAN_MEMBERSHIP.ipipe0[6908]: <VP=7,VLAN=0x322,VFI=0x322,TABLE_FIELDS=0x040001c322,SP_TREE=1,SGLP=7,KEY_TYPE=2,KEY=0x0000070c8a,HASH_LSB=0x322,DATA=1,BASE_VALID=1>
ING_VP_VLAN_MEMBERSHIP.ipipe0[7456]: <VP=9,VLAN=0x329,VFI=0x329,TABLE_FIELDS=0x0400024329,SP_TREE=1,SGLP=9,KEY_TYPE=2,KEY=0x0000090ca6,HASH_LSB=0x329,DATA=1,BASE_VALID=1>
ING_VP_VLAN_MEMBERSHIP.ipipe0[7528]: <VP=0x16,VLAN=0x2a5,VFI=0x2a5,TABLE_FIELDS=0x0c000582a5,SP_TREE=3,SGLP=0x16,KEY_TYPE=2,KEY=0x0000160a96,HASH_LSB=0x2a5,DATA=3,BASE_VALID=1>
ING_VP_VLAN_MEMBERSHIP.ipipe0[7744]: <VP=5,VLAN=0x2a5,VFI=0x2a5,TABLE_FIELDS=0x04000142a5,SP_TREE=1,SGLP=5,KEY_TYPE=2,KEY=0x0000050a96,HASH_LSB=0x2a5,DATA=1,BASE_VALID=1>
ING_VP_VLAN_MEMBERSHIP.ipipe0[8068]: <VP=0x14,VLAN=0x7d0,VFI=0x7d0,TABLE_FIELDS=0x0c000507d0,SP_TREE=3,SGLP=0x14,KEY_TYPE=2,KEY=0x0000141f42,HASH_LSB=0x7d0,DATA=3,BASE_VALID=1>
drivshell>
