knetctrl netif show
Interface ID 1: name=CPU type=Vlan vlan=0 port=n/a keeprxtag
Interface ID 2: name=Mirror type=Vlan vlan=0 port=n/a keeprxtag
Interface ID 3: name=Drop-Mirror type=Vlan vlan=0 port=n/a keeprxtag
Interface ID 4: name=Ethernet64 type=Port vlan=0 port=ce4 keeprxtag
Interface ID 5: name=Ethernet72 type=Port vlan=0 port=ce6 keeprxtag
Interface ID 6: name=Ethernet24 type=Port vlan=0 port=xe24 keeprxtag
Interface ID 7: name=Ethernet25 type=Port vlan=0 port=xe25 keeprxtag
Interface ID 8: name=Ethernet26 type=Port vlan=0 port=xe26 keeprxtag
Interface ID 9: name=Ethernet27 type=Port vlan=0 port=xe27 keeprxtag
Interface ID 10: name=Ethernet28 type=Port vlan=0 port=xe28 keeprxtag
Interface ID 11: name=Ethernet29 type=Port vlan=0 port=xe29 keeprxtag
Interface ID 12: name=Ethernet30 type=Port vlan=0 port=xe30 keeprxtag
Interface ID 13: name=Ethernet31 type=Port vlan=0 port=xe31 keeprxtag
Interface ID 14: name=Ethernet32 type=Port vlan=0 port=xe32 keeprxtag
Interface ID 15: name=Ethernet33 type=Port vlan=0 port=xe33 keeprxtag
Interface ID 16: name=Ethernet34 type=Port vlan=0 port=xe34 keeprxtag
Interface ID 17: name=Ethernet35 type=Port vlan=0 port=xe35 keeprxtag
Interface ID 18: name=Ethernet68 type=Port vlan=0 port=ce5 keeprxtag
Interface ID 19: name=Ethernet76 type=Port vlan=0 port=ce7 keeprxtag
Interface ID 20: name=Ethernet0 type=Port vlan=0 port=xe0 keeprxtag
Interface ID 21: name=Ethernet1 type=Port vlan=0 port=xe1 keeprxtag
Interface ID 22: name=Ethernet2 type=Port vlan=0 port=xe2 keeprxtag
Interface ID 23: name=Ethernet3 type=Port vlan=0 port=xe3 keeprxtag
Interface ID 24: name=Ethernet4 type=Port vlan=0 port=xe4 keeprxtag
Interface ID 25: name=Ethernet5 type=Port vlan=0 port=xe5 keeprxtag
Interface ID 26: name=Ethernet6 type=Port vlan=0 port=xe6 keeprxtag
Interface ID 27: name=Ethernet7 type=Port vlan=0 port=xe7 keeprxtag
Interface ID 28: name=Ethernet8 type=Port vlan=0 port=xe8 keeprxtag
Interface ID 29: name=Ethernet9 type=Port vlan=0 port=xe9 keeprxtag
Interface ID 30: name=Ethernet10 type=Port vlan=0 port=xe10 keeprxtag
Interface ID 31: name=Ethernet11 type=Port vlan=0 port=xe11 keeprxtag
Interface ID 32: name=Ethernet60 type=Port vlan=0 port=ce3 keeprxtag
Interface ID 33: name=Ethernet56 type=Port vlan=0 port=ce2 keeprxtag
Interface ID 34: name=Ethernet12 type=Port vlan=0 port=xe12 keeprxtag
Interface ID 35: name=Ethernet13 type=Port vlan=0 port=xe13 keeprxtag
Interface ID 36: name=Ethernet14 type=Port vlan=0 port=xe14 keeprxtag
Interface ID 37: name=Ethernet15 type=Port vlan=0 port=xe15 keeprxtag
Interface ID 38: name=Ethernet16 type=Port vlan=0 port=xe16 keeprxtag
Interface ID 39: name=Ethernet17 type=Port vlan=0 port=xe17 keeprxtag
Interface ID 40: name=Ethernet18 type=Port vlan=0 port=xe18 keeprxtag
Interface ID 41: name=Ethernet19 type=Port vlan=0 port=xe19 keeprxtag
Interface ID 42: name=Ethernet20 type=Port vlan=0 port=xe20 keeprxtag
Interface ID 43: name=Ethernet21 type=Port vlan=0 port=xe21 keeprxtag
Interface ID 44: name=Ethernet22 type=Port vlan=0 port=xe22 keeprxtag
Interface ID 45: name=Ethernet23 type=Port vlan=0 port=xe23 keeprxtag
Interface ID 46: name=Ethernet36 type=Port vlan=0 port=xe36 keeprxtag
Interface ID 47: name=Ethernet37 type=Port vlan=0 port=xe37 keeprxtag
Interface ID 48: name=Ethernet38 type=Port vlan=0 port=xe38 keeprxtag
Interface ID 49: name=Ethernet39 type=Port vlan=0 port=xe39 keeprxtag
Interface ID 50: name=Ethernet40 type=Port vlan=0 port=xe40 keeprxtag
Interface ID 51: name=Ethernet41 type=Port vlan=0 port=xe41 keeprxtag
Interface ID 52: name=Ethernet42 type=Port vlan=0 port=xe42 keeprxtag
Interface ID 53: name=Ethernet43 type=Port vlan=0 port=xe43 keeprxtag
Interface ID 54: name=Ethernet44 type=Port vlan=0 port=xe44 keeprxtag
Interface ID 55: name=Ethernet45 type=Port vlan=0 port=xe45 keeprxtag
Interface ID 56: name=Ethernet46 type=Port vlan=0 port=xe46 keeprxtag
Interface ID 57: name=Ethernet47 type=Port vlan=0 port=xe47 keeprxtag
Interface ID 58: name=Ethernet48 type=Port vlan=0 port=ce0 keeprxtag
Interface ID 59: name=Ethernet52 type=Port vlan=0 port=ce1 keeprxtag
drivshell>
