port *
PORT: Status (* indicates PHY link up)
 *xe0     (EnabledLS(SW Forced((10GFD) Stad(b4:e9:b8:e7:ce:02) STP(Forward) Disc(untagged) Lrn(FWD) UtPri(0) Pfm(FloodNone) IF(SFI) PH(Slave) Max_frame(9122) MDIX(ForcedNormal, Normal) Medium(None) VLANFILTER(3) 
 *xe1     (EnabledLS(SW Forced((10GFD) Stad(b4:e9:b8:e7:ce:02) STP(Forward) Lrn(FWD) UtPri(0) Pfm(FloodNone) IF(SFI) PH(Slave) Max_frame(9122) MDIX(ForcedNormal, Normal) Medium(None) VLANFILTER(3) 
 *xe2     (EnabledLS(SW Forced((10GFD) Stad(b4:e9:b8:e7:ce:02) STP(Forward) Disc(untagged) Lrn(FWD) UtPri(0) Pfm(FloodNone) IF(SFI) PH(Slave) Max_frame(9122) MDIX(ForcedNormal, Normal) Medium(None) VLANFILTER(3) 
 *xe3     (EnabledLS(SW Forced((10GFD) Stad(b4:e9:b8:e7:ce:02) STP(Forward) Lrn(FWD) UtPri(0) Pfm(FloodNone) IF(SFI) PH(Slave) Max_frame(9122) MDIX(ForcedNormal, Normal) Medium(None) VLANFILTER(3) 
 *xe4     (EnabledLS(SW Forced((10GFD) Stad(b4:e9:b8:e7:ce:02) STP(Forward) Disc(untagged) Lrn(FWD) UtPri(0) Pfm(FloodNone) IF(SFI) PH(Slave) Max_frame(9122) MDIX(ForcedNormal, Normal) Medium(None) VLANFILTER(3) 
 *xe5     (EnabledLS(SW Forced((10GFD) Stad(b4:e9:b8:e7:ce:02) STP(Forward) Disc(untagged) Lrn(FWD) UtPri(0) Pfm(FloodNone) IF(SFI) PH(Slave) Max_frame(9122) MDIX(ForcedNormal, Normal) Medium(None) VLANFILTER(3) 
  xe6     (Disabled LS(SW Forced((10GFD) Stad(b4:e9:b8:e7:ce:02) STP(Forward) Disc(untagged) Lrn(FWD) UtPri(0) Pfm(FloodNone) IF(XFI) PH(Slave) Max_frame(9122) MDIX(ForcedNormal, Normal) Medium(None) Fault(Local) VLANFILTER(3) 
  xe7     (Disabled LS(SW Forced((10GFD) Stad(b4:e9:b8:e7:ce:02) STP(Forward) Disc(untagged) Lrn(FWD) UtPri(0) Pfm(FloodNone) IF(XFI) PH(Slave) Max_frame(9122) MDIX(ForcedNormal, Normal) Medium(None) Fault(Local) VLANFILTER(3) 
  xe8     (Disabled LS(SW Forced((10GFD) Stad(b4:e9:b8:e7:ce:02) STP(Forward) Disc(untagged) Lrn(FWD) UtPri(0) Pfm(FloodNone) IF(SFI) PH(Slave) Max_frame(9122) MDIX(ForcedNormal, Normal) Medium(None) Fault(Local) VLANFILTER(3) 
  xe9     (Disabled LS(SW Forced((10GFD) Stad(b4:e9:b8:e7:ce:02) STP(Forward) Disc(untagged) Lrn(FWD) UtPri(0) Pfm(FloodNone) IF(XFI) PH(Slave) Max_frame(9122) MDIX(ForcedNormal, Normal) Medium(None) Fault(Local) VLANFILTER(3) 
  xe10    (Disabled LS(SW Forced((10GFD) Stad(b4:e9:b8:e7:ce:02) STP(Forward) Disc(untagged) Lrn(FWD) UtPri(0) Pfm(FloodNone) IF(SFI) PH(Slave) Max_frame(9122) MDIX(ForcedNormal, Normal) Medium(None) Fault(Local) VLANFILTER(3) 
 *xe11    (EnabledLS(SW Forced((10GFD) Stad(b4:e9:b8:e7:ce:02) STP(Forward) Lrn(FWD) UtPri(0) Pfm(FloodNone) IF(SFI) PH(Slave) Max_frame(9122) MDIX(ForcedNormal, Normal) Medium(None) VLANFILTER(3) 
  xe12    (Disabled LS(SW Forced((10GFD) Stad(b4:e9:b8:e7:ce:02) STP(Forward) Disc(untagged) Lrn(FWD) UtPri(0) Pfm(FloodNone) IF(XFI) PH(Slave) Max_frame(9122) MDIX(ForcedNormal, Normal) Medium(None) Fault(Local) VLANFILTER(3) 
  xe13    (Disabled LS(SW Forced((10GFD,pause) Stad(b4:e9:b8:e7:ce:02) STP(Forward) Disc(untagged) Lrn(FWD) UtPri(0) Pfm(FloodNone) IF(XFI) PH(Slave) Max_frame(9412) MDIX(ForcedNormal, Normal) Medium(None) Fault(Local) VLANFILTER(3) 
  xe14    (Disabled LS(SW Forced((10GFD) Stad(b4:e9:b8:e7:ce:02) STP(Forward) Disc(untagged) Lrn(FWD) UtPri(0) Pfm(FloodNone) IF(XFI) PH(Slave) Max_frame(9122) MDIX(ForcedNormal, Normal) Medium(None) Fault(Local) VLANFILTER(3) 
  xe15    (Disabled LS(SW Forced((10GFD) Stad(b4:e9:b8:e7:ce:02) STP(Forward) Disc(untagged) Lrn(FWD) UtPri(0) Pfm(FloodNone) IF(XFI) PH(Slave) Max_frame(7622) MDIX(ForcedNormal, Normal) Medium(None) Fault(Local) VLANFILTER(3) 
  xe16    (Disabled LS(SW Forced((10GFD,pause) Stad(b4:e9:b8:e7:ce:02) STP(Forward) Disc(untagged) Lrn(FWD) UtPri(0) Pfm(FloodNone) IF(SFI) PH(Slave) Max_frame(9412) MDIX(ForcedNormal, Normal) Medium(None) Fault(Local) VLANFILTER(3) 
  xe17    (Disabled LS(SW Forced((10GFD) Stad(b4:e9:b8:e7:ce:02) STP(Forward) Disc(untagged) Lrn(FWD) UtPri(0) Pfm(FloodNone) IF(XFI) PH(Slave) Max_frame(6688) MDIX(ForcedNormal, Normal) Medium(None) Fault(Local) VLANFILTER(3) 
  xe18    (Disabled LS(SW Forced((10GFD) Stad(b4:e9:b8:e7:ce:02) STP(Forward) Disc(untagged) Lrn(FWD) UtPri(0) Pfm(FloodNone) IF(SFI) PH(Slave) Max_frame(8922) MDIX(ForcedNormal, Normal) Medium(None) Fault(Local) VLANFILTER(3) 
  xe19    (Disabled LS(SW Forced((10GFD) Stad(b4:e9:b8:e7:ce:02) STP(Forward) Disc(untagged) Lrn(FWD) UtPri(0) Pfm(FloodNone) IF(XFI) PH(Slave) Max_frame(6688) MDIX(ForcedNormal, Normal) Medium(None) Fault(Local) VLANFILTER(3) 
 *xe20    (EnabledLS(SW Forced((10GFD) Stad(b4:e9:b8:e7:ce:02) STP(Forward) Lrn(FWD) UtPri(0) Pfm(FloodNone) IF(SFI) PH(Slave) Max_frame(1522) MDIX(ForcedNormal, Normal) Medium(None) VLANFILTER(3) 
 *xe21    (EnabledLS(SW Forced((10GFD) Stad(b4:e9:b8:e7:ce:02) STP(Forward) Lrn(FWD) UtPri(0) Pfm(FloodNone) IF(SFI) PH(Slave) Max_frame(1522) MDIX(ForcedNormal, Normal) Medium(None) VLANFILTER(3) 
 *xe22    (EnabledLS(SW Forced((10GFD) Stad(b4:e9:b8:e7:ce:02) STP(Forward) Lrn(FWD) UtPri(0) Pfm(FloodNone) IF(SFI) PH(Slave) Max_frame(1522) MDIX(ForcedNormal, Normal) Medium(None) VLANFILTER(3) 
  xe23    (Disabled LS(SW Forced((10GFD) Stad(b4:e9:b8:e7:ce:02) STP(Forward) Disc(untagged) Lrn(FWD) UtPri(0) Pfm(FloodNone) IF(XFI) PH(Slave) Max_frame(9122) MDIX(ForcedNormal, Normal) Medium(None) Fault(Local) VLANFILTER(3) 
  xe24    (Disabled LS(SW Forced((25GFD) Stad(b4:e9:b8:e7:ce:02) STP(Forward) Disc(untagged) Lrn(FWD) UtPri(0) Pfm(FloodNone) IF(CR) PH(Slave) Max_frame(9122) MDIX(ForcedNormal, Normal) Medium(None) Fault(Local) VLANFILTER(3) 
  xe25    (Disabled LS(SW Forced((25GFD) Stad(b4:e9:b8:e7:ce:02) STP(Forward) Disc(untagged) Lrn(FWD) UtPri(0) Pfm(FloodNone) IF(CR) PH(Slave) Max_frame(9122) MDIX(ForcedNormal, Normal) Medium(None) Fault(Local) VLANFILTER(3) 
  xe26    (Disabled LS(SW Forced((25GFD) Stad(b4:e9:b8:e7:ce:02) STP(Forward) Disc(untagged) Lrn(FWD) UtPri(0) Pfm(FloodNone) IF(CR) PH(Slave) Max_frame(9122) MDIX(ForcedNormal, Normal) Medium(None) Fault(Local) VLANFILTER(3) 
  xe27    (Disabled LS(SW Forced((25GFD) Stad(b4:e9:b8:e7:ce:02) STP(Forward) Lrn(FWD) UtPri(0) Pfm(FloodNone) IF(CR) PH(Slave) Max_frame(4466) MDIX(ForcedNormal, Normal) Medium(None) Fault(Local) VLANFILTER(3) 
  xe28    (Disabled LS(SW Forced((25GFD) Stad(b4:e9:b8:e7:ce:02) STP(Forward) Disc(untagged) Lrn(FWD) UtPri(0) Pfm(FloodNone) IF(CR) PH(Slave) Max_frame(9122) MDIX(ForcedNormal, Normal) Medium(None) Fault(Local) VLANFILTER(3) 
  xe29    (Disabled LS(SW Forced((25GFD) Stad(b4:e9:b8:e7:ce:02) STP(Forward) Disc(untagged) Lrn(FWD) UtPri(0) Pfm(FloodNone) IF(CR) PH(Slave) Max_frame(9122) MDIX(ForcedNormal, Normal) Medium(None) Fault(Local) VLANFILTER(3) 
  xe30    (Disabled LS(SW Forced((25GFD) Stad(b4:e9:b8:e7:ce:02) STP(Forward) Disc(untagged) Lrn(FWD) UtPri(0) Pfm(FloodNone) IF(CR) PH(Slave) Max_frame(9122) MDIX(ForcedNormal, Normal) Medium(None) Fault(Local) VLANFILTER(3) 
  xe31    (Disabled LS(SW Forced((25GFD) Stad(b4:e9:b8:e7:ce:02) STP(Forward) Disc(untagged) Lrn(FWD) UtPri(0) Pfm(FloodNone) IF(CR) PH(Slave) Max_frame(9122) MDIX(ForcedNormal, Normal) Medium(None) Fault(Local) VLANFILTER(3) 
  xe32    (Disabled LS(SW Forced((25GFD) Stad(b4:e9:b8:e7:ce:02) STP(Forward) Disc(untagged) Lrn(FWD) UtPri(0) Pfm(FloodNone) IF(CR) PH(Slave) Max_frame(9122) MDIX(ForcedNormal, Normal) Medium(None) Fault(Local) VLANFILTER(3) 
  xe33    (Disabled LS(SW Forced((25GFD) Stad(b4:e9:b8:e7:ce:02) STP(Forward) Disc(untagged) Lrn(FWD) UtPri(0) Pfm(FloodNone) IF(CR) PH(Slave) Max_frame(9122) MDIX(ForcedNormal, Normal) Medium(None) Fault(Local) VLANFILTER(3) 
  xe34    (Disabled LS(SW Forced((25GFD) Stad(b4:e9:b8:e7:ce:02) STP(Forward) Disc(untagged) Lrn(FWD) UtPri(0) Pfm(FloodNone) IF(CR) PH(Slave) Max_frame(9122) MDIX(ForcedNormal, Normal) Medium(None) Fault(Local) VLANFILTER(3) 
  xe35    (Disabled LS(SW Forced((25GFD) Stad(b4:e9:b8:e7:ce:02) STP(Forward) Disc(untagged) Lrn(FWD) UtPri(0) Pfm(FloodNone) IF(CR) PH(Slave) Max_frame(9122) MDIX(ForcedNormal, Normal) Medium(None) Fault(Local) VLANFILTER(3) 
  xe36    (Disabled LS(SW Forced((10GFD) Stad(b4:e9:b8:e7:ce:02) STP(Forward) Disc(untagged) Lrn(FWD) UtPri(0) Pfm(FloodNone) IF(XFI) PH(Slave) Max_frame(9122) MDIX(ForcedNormal, Normal) Medium(None) Fault(Local) VLANFILTER(3) 
  xe37    (Disabled LS(SW Forced((10GFD) Stad(b4:e9:b8:e7:ce:02) STP(Forward) Disc(untagged) Lrn(FWD) UtPri(0) Pfm(FloodNone) IF(XFI) PH(Slave) Max_frame(9122) MDIX(ForcedNormal, Normal) Medium(None) Fault(Local) VLANFILTER(3) 
  xe38    (Disabled LS(SW Forced((10GFD) Stad(b4:e9:b8:e7:ce:02) STP(Forward) Disc(untagged) Lrn(FWD) UtPri(0) Pfm(FloodNone) IF(XFI) PH(Slave) Max_frame(9122) MDIX(ForcedNormal, Normal) Medium(None) Fault(Local) VLANFILTER(3) 
  xe39    (Disabled LS(SW Forced((10GFD) Stad(b4:e9:b8:e7:ce:02) STP(Forward) Disc(untagged) Lrn(FWD) UtPri(0) Pfm(FloodNone) IF(XFI) PH(Slave) Max_frame(9122) MDIX(ForcedNormal, Normal) Medium(None) Fault(Local) VLANFILTER(3) 
  xe40    (Disabled LS(SW Forced((25GFD) Stad(b4:e9:b8:e7:ce:02) STP(Forward) Disc(untagged) Lrn(FWD) UtPri(0) Pfm(FloodNone) IF(CR) PH(Slave) Max_frame(9122) MDIX(ForcedNormal, Normal) Medium(None) Fault(Local) VLANFILTER(3) 
  xe41    (Disabled LS(SW Forced((25GFD) Stad(b4:e9:b8:e7:ce:02) STP(Forward) Disc(untagged) Lrn(FWD) UtPri(0) Pfm(FloodNone) IF(CR) PH(Slave) Max_frame(9122) MDIX(ForcedNormal, Normal) Medium(None) Fault(Local) VLANFILTER(3) 
  xe42    (Disabled LS(SW Forced((25GFD) Stad(b4:e9:b8:e7:ce:02) STP(Forward) Disc(untagged) Lrn(FWD) UtPri(0) Pfm(FloodNone) IF(CR) PH(Slave) Max_frame(9122) MDIX(ForcedNormal, Normal) Medium(None) Fault(Local) VLANFILTER(3) 
  xe43    (Disabled LS(SW Forced((25GFD) Stad(b4:e9:b8:e7:ce:02) STP(Forward) Disc(untagged) Lrn(FWD) UtPri(0) Pfm(FloodNone) IF(CR) PH(Slave) Max_frame(9122) MDIX(ForcedNormal, Normal) Medium(None) Fault(Local) VLANFILTER(3) 
  xe44    (Disabled LS(SW Forced((25GFD) Stad(b4:e9:b8:e7:ce:02) STP(Forward) Disc(untagged) Lrn(FWD) UtPri(0) Pfm(FloodNone) IF(CR) PH(Slave) Max_frame(9122) MDIX(ForcedNormal, Normal) Medium(None) Fault(Local) VLANFILTER(3) 
  xe45    (Disabled LS(SW Forced((25GFD) Stad(b4:e9:b8:e7:ce:02) STP(Forward) Disc(untagged) Lrn(FWD) UtPri(0) Pfm(FloodNone) IF(CR) PH(Slave) Max_frame(9122) MDIX(ForcedNormal, Normal) Medium(None) Fault(Local) VLANFILTER(3) 
  xe46    (Disabled LS(SW Forced((25GFD) Stad(b4:e9:b8:e7:ce:02) STP(Forward) Disc(untagged) Lrn(FWD) UtPri(0) Pfm(FloodNone) IF(CR) PH(Slave) Max_frame(9122) MDIX(ForcedNormal, Normal) Medium(None) Fault(Local) VLANFILTER(3) 
  xe47    (Disabled LS(SW Auto(no link) Ability (fd = 1000MB,10GB,11GB,25GB hd =  intf = gmii,sgmii,xgmii medium = copper,fiber pause = pause_tx,pause_rx,pause_asymm lb = none,MAC,PHY flags = autoneg )Local (fd = 25GB hd =  intf = medium = copper pause = pause_tx,pause_rx lb =  flags =  )Stad(b4:e9:b8:e7:ce:02) STP(Forward) Disc(untagged) Lrn(FWD) UtPri(0) Pfm(FloodNone) IF(CR) PH(Slave) Max_frame(9122) MDIX(ForcedNormal, Normal) Medium(None) Fault(Local) VLANFILTER(3) 
 *ce0     (EnabledLS(SW Forced((100GFD) Stad(b4:e9:b8:e7:ce:02) STP(Forward) Disc(untagged) Lrn(FWD) UtPri(0) Pfm(FloodNone) IF(KR4) PH(Slave) Max_frame(9122) MDIX(ForcedNormal, Normal) Medium(None) VLANFILTER(3) 
  ce1     (Disabled LS(SW Forced((100GFD) Stad(b4:e9:b8:e7:ce:02) STP(Forward) Disc(untagged) Lrn(FWD) UtPri(0) Pfm(FloodNone) IF(CAUI4) PH(Slave) Max_frame(9122) MDIX(ForcedNormal, Normal) Medium(None) Fault(Local) VLANFILTER(3) 
 *ce2     (EnabledLS(SW Forced((100GFD) Stad(b4:e9:b8:e7:ce:02) STP(Forward) Disc(untagged) Lrn(FWD) UtPri(0) Pfm(FloodNone) IF(KR4) PH(Slave) Max_frame(9122) MDIX(ForcedNormal, Normal) Medium(None) VLANFILTER(3) 
  ce3     (Disabled LS(SW Forced((100GFD) Stad(b4:e9:b8:e7:ce:02) STP(Forward) Disc(untagged) Lrn(FWD) UtPri(0) Pfm(FloodNone) IF(CAUI4) PH(Slave) Max_frame(9122) MDIX(ForcedNormal, Normal) Medium(None) Fault(Local) VLANFILTER(3) 
  ce4     (Disabled LS(SW Forced((100GFD) Stad(b4:e9:b8:e7:ce:02) STP(Forward) Disc(untagged) Lrn(FWD) UtPri(0) Pfm(FloodNone) IF(CAUI4) PH(Slave) Max_frame(9122) MDIX(ForcedNormal, Normal) Medium(None) Fault(Local) VLANFILTER(3) 
  ce5     (Disabled LS(SW Forced((100GFD) Stad(b4:e9:b8:e7:ce:02) STP(Forward) Disc(untagged) Lrn(FWD) UtPri(0) Pfm(FloodNone) IF(CAUI4) PH(Slave) Max_frame(9122) MDIX(ForcedNormal, Normal) Medium(None) Fault(Local) VLANFILTER(3) 
  ce6     (Disabled LS(SW Forced((100GFD) Stad(b4:e9:b8:e7:ce:02) STP(Forward) Disc(untagged) Lrn(FWD) UtPri(0) Pfm(FloodNone) IF(CAUI4) PH(Slave) Max_frame(9122) MDIX(ForcedNormal, Normal) Medium(None) Fault(Local) VLANFILTER(3) 
  ce7     (Disabled LS(SW Forced((100GFD) Stad(b4:e9:b8:e7:ce:02) STP(Forward) Disc(untagged) Lrn(FWD) UtPri(0) Pfm(FloodNone) IF(CAUI4) PH(Slave) Max_frame(9122) MDIX(ForcedNormal, Normal) Medium(None) Fault(Local) VLANFILTER(3) 
drivshell>
