pvlan show
Port xe0 default VLAN is 1
Port xe1 default VLAN is 1120
Port xe2 default VLAN is 1
Port xe3 default VLAN is 1120
Port xe4 default VLAN is 1
Port xe5 default VLAN is 1
Port xe6 default VLAN is 1
Port xe7 default VLAN is 1
Port xe8 default VLAN is 1
Port xe9 default VLAN is 1
Port xe10 default VLAN is 1
Port xe11 default VLAN is 678
Port xe12 default VLAN is 1
Port xe13 default VLAN is 1
Port xe14 default VLAN is 1
Port xe15 default VLAN is 1
Port xe16 default VLAN is 1
Port xe17 default VLAN is 1
Port xe18 default VLAN is 1
Port xe19 default VLAN is 1
Port xe20 default VLAN is 802
Port xe21 default VLAN is 809
Port xe22 default VLAN is 803
Port xe23 default VLAN is 1
Port xe24 default VLAN is 1
Port xe25 default VLAN is 1
Port xe26 default VLAN is 1
Port xe27 default VLAN is 1102
Port xe28 default VLAN is 1
Port xe29 default VLAN is 1
Port xe30 default VLAN is 1
Port xe31 default VLAN is 1
Port xe32 default VLAN is 1
Port xe33 default VLAN is 1
Port xe34 default VLAN is 1
Port xe35 default VLAN is 1
Port xe36 default VLAN is 1
Port xe37 default VLAN is 1
Port xe38 default VLAN is 1
Port xe39 default VLAN is 1
Port xe40 default VLAN is 1
Port xe41 default VLAN is 1
Port xe42 default VLAN is 1
Port xe43 default VLAN is 1
Port xe44 default VLAN is 1
Port xe45 default VLAN is 1
Port xe46 default VLAN is 1
Port xe47 default VLAN is 1
Port ce0 default VLAN is 1
Port ce1 default VLAN is 1
Port ce2 default VLAN is 1
Port ce3 default VLAN is 1
Port ce4 default VLAN is 1
Port ce5 default VLAN is 1
Port ce6 default VLAN is 1
Port ce7 default VLAN is 1
drivshell>
