+-----------+------------------+----------------+----------------+-----------------------+-------------+
|   VLAN ID | IP Address       | Ports          | Port Tagging   | DHCP Helper Address   | AutoState   |
+===========+==================+================+================+=======================+=============+
|       677 |                  | Ethernet0      | tagged         |                       | enable      |
|           |                  | Ethernet2      | tagged         |                       |             |
|           |                  | Ethernet4      | tagged         |                       |             |
|           |                  | Ethernet5      | tagged         |                       |             |
|           |                  | PortChannel100 | tagged         |                       |             |
+-----------+------------------+----------------+----------------+-----------------------+-------------+
|       678 |                  | Ethernet4      | tagged         |                       | enable      |
|           |                  | Ethernet5      | tagged         |                       |             |
|           |                  | Ethernet11     | untagged       |                       |             |
|           |                  | PortChannel100 | tagged         |                       |             |
+-----------+------------------+----------------+----------------+-----------------------+-------------+
|       802 | 10.99.100.132/28 | Ethernet20     | untagged       |                       | enable      |
|           |                  | PortChannel100 | tagged         |                       |             |
+-----------+------------------+----------------+----------------+-----------------------+-------------+
|       803 | 10.92.30.67/29   | Ethernet22     | untagged       |                       | enable      |
|           |                  | PortChannel100 | tagged         |                       |             |
+-----------+------------------+----------------+----------------+-----------------------+-------------+
|       809 | 10.92.30.235/29  | Ethernet21     | untagged       |                       | enable      |
|           |                  | PortChannel100 | tagged         |                       |             |
+-----------+------------------+----------------+----------------+-----------------------+-------------+
|      1101 |                  | Ethernet0      | tagged         |                       | enable      |
|           |                  | Ethernet2      | tagged         |                       |             |
|           |                  | PortChannel100 | tagged         |                       |             |
+-----------+------------------+----------------+----------------+-----------------------+-------------+
|      1102 |                  | Ethernet0      | tagged         |                       | enable      |
|           |                  | Ethernet2      | tagged         |                       |             |
|           |                  | Ethernet27     | untagged       |                       |             |
|           |                  | PortChannel100 | tagged         |                       |             |
+-----------+------------------+----------------+----------------+-----------------------+-------------+
|      1120 | 10.90.30.177/28  | Ethernet1      | untagged       |                       | enable      |
|           |                  | Ethernet3      | untagged       |                       |             |
+-----------+------------------+----------------+----------------+-----------------------+-------------+
|      2000 | 10.90.30.159/31  | PortChannel100 | tagged         |                       | enable      |
+-----------+------------------+----------------+----------------+-----------------------+-------------+
